2026-05-07 22:02:44,892 - AMLLogger - [INFO] - 🚀 使用计算设备: cuda
2026-05-07 22:02:44,892 - AMLLogger - [INFO] - ------------------------------
2026-05-07 22:02:44,892 - AMLLogger - [INFO] - 正在加载 ../TableShift Dataset/acsfoodstamps/acsfoodstamps_Xtrain.csv ...
2026-05-07 22:02:47,847 - AMLLogger - [INFO] - 正在加载 ../TableShift Dataset/acsfoodstamps/acsfoodstamps_Xidtest.csv ...
2026-05-07 22:02:48,444 - AMLLogger - [INFO] - 正在加载 ../TableShift Dataset/acsfoodstamps/acsfoodstamps_Xood.csv ...
2026-05-07 22:02:50,742 - AMLLogger - [INFO] - 
========== 开始训练 ==========
2026-05-07 22:02:55,985 - AMLLogger - [INFO] - Epoch [1/3], Loss: 0.3623, 耗时: 5.24秒
2026-05-07 22:03:01,032 - AMLLogger - [INFO] - Epoch [2/3], Loss: 0.3517, 耗时: 5.05秒
2026-05-07 22:03:06,473 - AMLLogger - [INFO] - Epoch [3/3], Loss: 0.3479, 耗时: 5.44秒
2026-05-07 22:03:06,473 - AMLLogger - [INFO] - 
========== 开始评估 ==========
2026-05-07 22:03:07,016 - AMLLogger - [INFO] - 🎯 [ID_Test (同分布测试集)] Accuracy: 84.49% | F1 Score: 71.68%
2026-05-07 22:03:07,304 - AMLLogger - [INFO] - 🎯 [OOD_Test (偏移测试集)] Accuracy: 81.63% | F1 Score: 71.34%
2026-05-07 22:03:07,682 - AMLLogger - [INFO] - 
🔍 开始分析 OOD_Test 的预测置信度全景分布...
2026-05-07 22:03:08,180 - AMLLogger - [INFO] - ✅ 置信度全景分布图已保存为 confidence_analysis.png
2026-05-07 22:03:08,180 - AMLLogger - [INFO] - 
🚀 开始执行 TTA 评估: OOD_Test (偏移测试集)
2026-05-07 22:03:08,739 - AMLLogger - [INFO] - 🎯 [TTA - OOD_Test (偏移测试集)] Accuracy: 80.29% | F1 Score: 59.50%
