2026-05-07 21:25:57,860 - AMLLogger - [INFO] - 🚀 使用计算设备: cuda
2026-05-07 21:25:57,860 - AMLLogger - [INFO] - ------------------------------
2026-05-07 21:25:57,860 - AMLLogger - [INFO] - 正在加载 ../TableShift Dataset/acsfoodstamps/acsfoodstamps_Xtrain.csv ...
2026-05-07 21:26:00,581 - AMLLogger - [INFO] - 正在加载 ../TableShift Dataset/acsfoodstamps/acsfoodstamps_Xidtest.csv ...
2026-05-07 21:26:00,978 - AMLLogger - [INFO] - 正在加载 ../TableShift Dataset/acsfoodstamps/acsfoodstamps_Xood.csv ...
2026-05-07 21:26:03,155 - AMLLogger - [INFO] - 
========== 开始训练 ==========
2026-05-07 21:26:07,919 - AMLLogger - [INFO] - Epoch [1/3], Loss: 0.3614, 耗时: 4.76秒
2026-05-07 21:26:12,800 - AMLLogger - [INFO] - Epoch [2/3], Loss: 0.3510, 耗时: 4.88秒
2026-05-07 21:26:18,177 - AMLLogger - [INFO] - Epoch [3/3], Loss: 0.3466, 耗时: 5.38秒
2026-05-07 21:26:18,177 - AMLLogger - [INFO] - 
========== 开始评估 ==========
2026-05-07 21:26:18,720 - AMLLogger - [INFO] - 🎯 [ID_Test (同分布测试集)] Accuracy: 84.68% | F1 Score: 70.28%
2026-05-07 21:26:19,043 - AMLLogger - [INFO] - 🎯 [OOD_Test (偏移测试集)] Accuracy: 82.07% | F1 Score: 70.44%
2026-05-07 21:26:19,053 - AMLLogger - [INFO] - 
========== 开始评估 ==========
2026-05-07 21:26:19,659 - AMLLogger - [INFO] - 🎯 [ID_Test (同分布测试集)] Accuracy: 84.68% | F1 Score: 70.28%
2026-05-07 21:26:19,970 - AMLLogger - [INFO] - 🎯 [OOD_Test (偏移测试集)] Accuracy: 82.07% | F1 Score: 70.44%
2026-05-07 21:26:20,224 - AMLLogger - [INFO] - 
🔍 开始分析 OOD_Test 的预测错误分布...
2026-05-07 21:26:20,788 - AMLLogger - [INFO] - ✅ 错题分布图已保存为 error_analysis.png
2026-05-07 21:26:20,788 - AMLLogger - [INFO] - 
🚀 开始执行 TTA 评估: OOD_Test (偏移测试集)
2026-05-07 21:26:21,513 - AMLLogger - [INFO] - 🎯 [TTA - OOD_Test (偏移测试集)] Accuracy: 79.79% | F1 Score: 56.06%
